  matrices driven_dt1e-3: stream 1/64
  matrices driven_dt1e-3: stream 2/64
  matrices driven_dt1e-3: stream 3/64
  matrices driven_dt1e-3: stream 4/64
  matrices driven_dt1e-3: stream 5/64
  matrices driven_dt1e-3: stream 6/64
  matrices driven_dt1e-3: stream 7/64
  matrices driven_dt1e-3: stream 8/64
  matrices driven_dt1e-3: stream 9/64
  matrices driven_dt1e-3: stream 10/64
  matrices driven_dt1e-3: stream 11/64
  matrices driven_dt1e-3: stream 12/64
  matrices driven_dt1e-3: stream 13/64
  matrices driven_dt1e-3: stream 14/64
  matrices driven_dt1e-3: stream 15/64
  matrices driven_dt1e-3: stream 16/64
  matrices driven_dt1e-3: stream 17/64
  matrices driven_dt1e-3: stream 18/64
  matrices driven_dt1e-3: stream 19/64
  matrices driven_dt1e-3: stream 20/64
  matrices driven_dt1e-3: stream 21/64
  matrices driven_dt1e-3: stream 22/64
  matrices driven_dt1e-3: stream 23/64
  matrices driven_dt1e-3: stream 24/64
  matrices driven_dt1e-3: stream 25/64
  matrices driven_dt1e-3: stream 26/64
  matrices driven_dt1e-3: stream 27/64
  matrices driven_dt1e-3: stream 28/64
  matrices driven_dt1e-3: stream 29/64
  matrices driven_dt1e-3: stream 30/64
  matrices driven_dt1e-3: stream 31/64
  matrices driven_dt1e-3: stream 32/64
  matrices driven_dt1e-3: stream 33/64
  matrices driven_dt1e-3: stream 34/64
  matrices driven_dt1e-3: stream 35/64
  matrices driven_dt1e-3: stream 36/64
  matrices driven_dt1e-3: stream 37/64
  matrices driven_dt1e-3: stream 38/64
  matrices driven_dt1e-3: stream 39/64
  matrices driven_dt1e-3: stream 40/64
  matrices driven_dt1e-3: stream 41/64
  matrices driven_dt1e-3: stream 42/64
  matrices driven_dt1e-3: stream 43/64
  matrices driven_dt1e-3: stream 44/64
  matrices driven_dt1e-3: stream 45/64
  matrices driven_dt1e-3: stream 46/64
  matrices driven_dt1e-3: stream 47/64
  matrices driven_dt1e-3: stream 48/64
  matrices driven_dt1e-3: stream 49/64
  matrices driven_dt1e-3: stream 50/64
  matrices driven_dt1e-3: stream 51/64
  matrices driven_dt1e-3: stream 52/64
  matrices driven_dt1e-3: stream 53/64
  matrices driven_dt1e-3: stream 54/64
  matrices driven_dt1e-3: stream 55/64
  matrices driven_dt1e-3: stream 56/64
  matrices driven_dt1e-3: stream 57/64
  matrices driven_dt1e-3: stream 58/64
  matrices driven_dt1e-3: stream 59/64
  matrices driven_dt1e-3: stream 60/64
  matrices driven_dt1e-3: stream 61/64
  matrices driven_dt1e-3: stream 62/64
  matrices driven_dt1e-3: stream 63/64
  matrices driven_dt1e-3: stream 64/64
  oscillatory bootstrap driven_dt1e-3: 25/500
  oscillatory bootstrap driven_dt1e-3: 50/500
  oscillatory bootstrap driven_dt1e-3: 75/500
  oscillatory bootstrap driven_dt1e-3: 100/500
  oscillatory bootstrap driven_dt1e-3: 125/500
  oscillatory bootstrap driven_dt1e-3: 150/500
  oscillatory bootstrap driven_dt1e-3: 175/500
  oscillatory bootstrap driven_dt1e-3: 200/500
  oscillatory bootstrap driven_dt1e-3: 225/500
  oscillatory bootstrap driven_dt1e-3: 250/500
  oscillatory bootstrap driven_dt1e-3: 275/500
  oscillatory bootstrap driven_dt1e-3: 300/500
  oscillatory bootstrap driven_dt1e-3: 325/500
  oscillatory bootstrap driven_dt1e-3: 350/500
  oscillatory bootstrap driven_dt1e-3: 375/500
  oscillatory bootstrap driven_dt1e-3: 400/500
  oscillatory bootstrap driven_dt1e-3: 425/500
  oscillatory bootstrap driven_dt1e-3: 450/500
  oscillatory bootstrap driven_dt1e-3: 475/500
  oscillatory bootstrap driven_dt1e-3: 500/500
  real bootstrap driven_dt1e-3: 25/500
  real bootstrap driven_dt1e-3: 50/500
  real bootstrap driven_dt1e-3: 75/500
  real bootstrap driven_dt1e-3: 100/500
  real bootstrap driven_dt1e-3: 125/500
  real bootstrap driven_dt1e-3: 150/500
  real bootstrap driven_dt1e-3: 175/500
  real bootstrap driven_dt1e-3: 200/500
  real bootstrap driven_dt1e-3: 225/500
  real bootstrap driven_dt1e-3: 250/500
  real bootstrap driven_dt1e-3: 275/500
  real bootstrap driven_dt1e-3: 300/500
  real bootstrap driven_dt1e-3: 325/500
  real bootstrap driven_dt1e-3: 350/500
  real bootstrap driven_dt1e-3: 375/500
  real bootstrap driven_dt1e-3: 400/500
  real bootstrap driven_dt1e-3: 425/500
  real bootstrap driven_dt1e-3: 450/500
  real bootstrap driven_dt1e-3: 475/500
  real bootstrap driven_dt1e-3: 500/500
  matrices driven_dt2p5e-4: stream 1/64
  matrices driven_dt2p5e-4: stream 2/64
  matrices driven_dt2p5e-4: stream 3/64
  matrices driven_dt2p5e-4: stream 4/64
  matrices driven_dt2p5e-4: stream 5/64
  matrices driven_dt2p5e-4: stream 6/64
  matrices driven_dt2p5e-4: stream 7/64
  matrices driven_dt2p5e-4: stream 8/64
  matrices driven_dt2p5e-4: stream 9/64
  matrices driven_dt2p5e-4: stream 10/64
  matrices driven_dt2p5e-4: stream 11/64
  matrices driven_dt2p5e-4: stream 12/64
  matrices driven_dt2p5e-4: stream 13/64
  matrices driven_dt2p5e-4: stream 14/64
  matrices driven_dt2p5e-4: stream 15/64
  matrices driven_dt2p5e-4: stream 16/64
  matrices driven_dt2p5e-4: stream 17/64
  matrices driven_dt2p5e-4: stream 18/64
  matrices driven_dt2p5e-4: stream 19/64
  matrices driven_dt2p5e-4: stream 20/64
  matrices driven_dt2p5e-4: stream 21/64
  matrices driven_dt2p5e-4: stream 22/64
  matrices driven_dt2p5e-4: stream 23/64
  matrices driven_dt2p5e-4: stream 24/64
  matrices driven_dt2p5e-4: stream 25/64
  matrices driven_dt2p5e-4: stream 26/64
  matrices driven_dt2p5e-4: stream 27/64
  matrices driven_dt2p5e-4: stream 28/64
  matrices driven_dt2p5e-4: stream 29/64
  matrices driven_dt2p5e-4: stream 30/64
  matrices driven_dt2p5e-4: stream 31/64
  matrices driven_dt2p5e-4: stream 32/64
  matrices driven_dt2p5e-4: stream 33/64
  matrices driven_dt2p5e-4: stream 34/64
  matrices driven_dt2p5e-4: stream 35/64
  matrices driven_dt2p5e-4: stream 36/64
  matrices driven_dt2p5e-4: stream 37/64
  matrices driven_dt2p5e-4: stream 38/64
  matrices driven_dt2p5e-4: stream 39/64
  matrices driven_dt2p5e-4: stream 40/64
  matrices driven_dt2p5e-4: stream 41/64
  matrices driven_dt2p5e-4: stream 42/64
  matrices driven_dt2p5e-4: stream 43/64
  matrices driven_dt2p5e-4: stream 44/64
  matrices driven_dt2p5e-4: stream 45/64
  matrices driven_dt2p5e-4: stream 46/64
  matrices driven_dt2p5e-4: stream 47/64
  matrices driven_dt2p5e-4: stream 48/64
  matrices driven_dt2p5e-4: stream 49/64
  matrices driven_dt2p5e-4: stream 50/64
  matrices driven_dt2p5e-4: stream 51/64
  matrices driven_dt2p5e-4: stream 52/64
  matrices driven_dt2p5e-4: stream 53/64
  matrices driven_dt2p5e-4: stream 54/64
  matrices driven_dt2p5e-4: stream 55/64
  matrices driven_dt2p5e-4: stream 56/64
  matrices driven_dt2p5e-4: stream 57/64
  matrices driven_dt2p5e-4: stream 58/64
  matrices driven_dt2p5e-4: stream 59/64
  matrices driven_dt2p5e-4: stream 60/64
  matrices driven_dt2p5e-4: stream 61/64
  matrices driven_dt2p5e-4: stream 62/64
  matrices driven_dt2p5e-4: stream 63/64
  matrices driven_dt2p5e-4: stream 64/64
  oscillatory bootstrap driven_dt2p5e-4: 25/500
  oscillatory bootstrap driven_dt2p5e-4: 50/500
  oscillatory bootstrap driven_dt2p5e-4: 75/500
  oscillatory bootstrap driven_dt2p5e-4: 100/500
  oscillatory bootstrap driven_dt2p5e-4: 125/500
  oscillatory bootstrap driven_dt2p5e-4: 150/500
  oscillatory bootstrap driven_dt2p5e-4: 175/500
  oscillatory bootstrap driven_dt2p5e-4: 200/500
  oscillatory bootstrap driven_dt2p5e-4: 225/500
  oscillatory bootstrap driven_dt2p5e-4: 250/500
  oscillatory bootstrap driven_dt2p5e-4: 275/500
  oscillatory bootstrap driven_dt2p5e-4: 300/500
  oscillatory bootstrap driven_dt2p5e-4: 325/500
  oscillatory bootstrap driven_dt2p5e-4: 350/500
  oscillatory bootstrap driven_dt2p5e-4: 375/500
  oscillatory bootstrap driven_dt2p5e-4: 400/500
  oscillatory bootstrap driven_dt2p5e-4: 425/500
  oscillatory bootstrap driven_dt2p5e-4: 450/500
  oscillatory bootstrap driven_dt2p5e-4: 475/500
  oscillatory bootstrap driven_dt2p5e-4: 500/500
  real bootstrap driven_dt2p5e-4: 25/500
  real bootstrap driven_dt2p5e-4: 50/500
  real bootstrap driven_dt2p5e-4: 75/500
  real bootstrap driven_dt2p5e-4: 100/500
  real bootstrap driven_dt2p5e-4: 125/500
  real bootstrap driven_dt2p5e-4: 150/500
  real bootstrap driven_dt2p5e-4: 175/500
  real bootstrap driven_dt2p5e-4: 200/500
  real bootstrap driven_dt2p5e-4: 225/500
  real bootstrap driven_dt2p5e-4: 250/500
  real bootstrap driven_dt2p5e-4: 275/500
  real bootstrap driven_dt2p5e-4: 300/500
  real bootstrap driven_dt2p5e-4: 325/500
  real bootstrap driven_dt2p5e-4: 350/500
  real bootstrap driven_dt2p5e-4: 375/500
  real bootstrap driven_dt2p5e-4: 400/500
  real bootstrap driven_dt2p5e-4: 425/500
  real bootstrap driven_dt2p5e-4: 450/500
  real bootstrap driven_dt2p5e-4: 475/500
  real bootstrap driven_dt2p5e-4: 500/500
  matrices equilibrium_dt1e-3: stream 1/64
  matrices equilibrium_dt1e-3: stream 2/64
  matrices equilibrium_dt1e-3: stream 3/64
  matrices equilibrium_dt1e-3: stream 4/64
  matrices equilibrium_dt1e-3: stream 5/64
  matrices equilibrium_dt1e-3: stream 6/64
  matrices equilibrium_dt1e-3: stream 7/64
  matrices equilibrium_dt1e-3: stream 8/64
  matrices equilibrium_dt1e-3: stream 9/64
  matrices equilibrium_dt1e-3: stream 10/64
  matrices equilibrium_dt1e-3: stream 11/64
  matrices equilibrium_dt1e-3: stream 12/64
  matrices equilibrium_dt1e-3: stream 13/64
  matrices equilibrium_dt1e-3: stream 14/64
  matrices equilibrium_dt1e-3: stream 15/64
  matrices equilibrium_dt1e-3: stream 16/64
  matrices equilibrium_dt1e-3: stream 17/64
  matrices equilibrium_dt1e-3: stream 18/64
  matrices equilibrium_dt1e-3: stream 19/64
  matrices equilibrium_dt1e-3: stream 20/64
  matrices equilibrium_dt1e-3: stream 21/64
  matrices equilibrium_dt1e-3: stream 22/64
  matrices equilibrium_dt1e-3: stream 23/64
  matrices equilibrium_dt1e-3: stream 24/64
  matrices equilibrium_dt1e-3: stream 25/64
  matrices equilibrium_dt1e-3: stream 26/64
  matrices equilibrium_dt1e-3: stream 27/64
  matrices equilibrium_dt1e-3: stream 28/64
  matrices equilibrium_dt1e-3: stream 29/64
  matrices equilibrium_dt1e-3: stream 30/64
  matrices equilibrium_dt1e-3: stream 31/64
  matrices equilibrium_dt1e-3: stream 32/64
  matrices equilibrium_dt1e-3: stream 33/64
  matrices equilibrium_dt1e-3: stream 34/64
  matrices equilibrium_dt1e-3: stream 35/64
  matrices equilibrium_dt1e-3: stream 36/64
  matrices equilibrium_dt1e-3: stream 37/64
  matrices equilibrium_dt1e-3: stream 38/64
  matrices equilibrium_dt1e-3: stream 39/64
  matrices equilibrium_dt1e-3: stream 40/64
  matrices equilibrium_dt1e-3: stream 41/64
  matrices equilibrium_dt1e-3: stream 42/64
  matrices equilibrium_dt1e-3: stream 43/64
  matrices equilibrium_dt1e-3: stream 44/64
  matrices equilibrium_dt1e-3: stream 45/64
  matrices equilibrium_dt1e-3: stream 46/64
  matrices equilibrium_dt1e-3: stream 47/64
  matrices equilibrium_dt1e-3: stream 48/64
  matrices equilibrium_dt1e-3: stream 49/64
  matrices equilibrium_dt1e-3: stream 50/64
  matrices equilibrium_dt1e-3: stream 51/64
  matrices equilibrium_dt1e-3: stream 52/64
  matrices equilibrium_dt1e-3: stream 53/64
  matrices equilibrium_dt1e-3: stream 54/64
  matrices equilibrium_dt1e-3: stream 55/64
  matrices equilibrium_dt1e-3: stream 56/64
  matrices equilibrium_dt1e-3: stream 57/64
  matrices equilibrium_dt1e-3: stream 58/64
  matrices equilibrium_dt1e-3: stream 59/64
  matrices equilibrium_dt1e-3: stream 60/64
  matrices equilibrium_dt1e-3: stream 61/64
  matrices equilibrium_dt1e-3: stream 62/64
  matrices equilibrium_dt1e-3: stream 63/64
  matrices equilibrium_dt1e-3: stream 64/64
  oscillatory bootstrap equilibrium_dt1e-3: 25/500
  oscillatory bootstrap equilibrium_dt1e-3: 50/500
  oscillatory bootstrap equilibrium_dt1e-3: 75/500
  oscillatory bootstrap equilibrium_dt1e-3: 100/500
  oscillatory bootstrap equilibrium_dt1e-3: 125/500
  oscillatory bootstrap equilibrium_dt1e-3: 150/500
  oscillatory bootstrap equilibrium_dt1e-3: 175/500
  oscillatory bootstrap equilibrium_dt1e-3: 200/500
  oscillatory bootstrap equilibrium_dt1e-3: 225/500
  oscillatory bootstrap equilibrium_dt1e-3: 250/500
  oscillatory bootstrap equilibrium_dt1e-3: 275/500
  oscillatory bootstrap equilibrium_dt1e-3: 300/500
  oscillatory bootstrap equilibrium_dt1e-3: 325/500
  oscillatory bootstrap equilibrium_dt1e-3: 350/500
  oscillatory bootstrap equilibrium_dt1e-3: 375/500
  oscillatory bootstrap equilibrium_dt1e-3: 400/500
  oscillatory bootstrap equilibrium_dt1e-3: 425/500
  oscillatory bootstrap equilibrium_dt1e-3: 450/500
  oscillatory bootstrap equilibrium_dt1e-3: 475/500
  oscillatory bootstrap equilibrium_dt1e-3: 500/500
  real bootstrap equilibrium_dt1e-3: 25/500
  real bootstrap equilibrium_dt1e-3: 50/500
  real bootstrap equilibrium_dt1e-3: 75/500
  real bootstrap equilibrium_dt1e-3: 100/500
  real bootstrap equilibrium_dt1e-3: 125/500
  real bootstrap equilibrium_dt1e-3: 150/500
  real bootstrap equilibrium_dt1e-3: 175/500
  real bootstrap equilibrium_dt1e-3: 200/500
  real bootstrap equilibrium_dt1e-3: 225/500
  real bootstrap equilibrium_dt1e-3: 250/500
  real bootstrap equilibrium_dt1e-3: 275/500
  real bootstrap equilibrium_dt1e-3: 300/500
  real bootstrap equilibrium_dt1e-3: 325/500
  real bootstrap equilibrium_dt1e-3: 350/500
  real bootstrap equilibrium_dt1e-3: 375/500
  real bootstrap equilibrium_dt1e-3: 400/500
  real bootstrap equilibrium_dt1e-3: 425/500
  real bootstrap equilibrium_dt1e-3: 450/500
  real bootstrap equilibrium_dt1e-3: 475/500
  real bootstrap equilibrium_dt1e-3: 500/500
  matrices equilibrium_dt2p5e-4: stream 1/64
  matrices equilibrium_dt2p5e-4: stream 2/64
  matrices equilibrium_dt2p5e-4: stream 3/64
  matrices equilibrium_dt2p5e-4: stream 4/64
  matrices equilibrium_dt2p5e-4: stream 5/64
  matrices equilibrium_dt2p5e-4: stream 6/64
  matrices equilibrium_dt2p5e-4: stream 7/64
  matrices equilibrium_dt2p5e-4: stream 8/64
  matrices equilibrium_dt2p5e-4: stream 9/64
  matrices equilibrium_dt2p5e-4: stream 10/64
  matrices equilibrium_dt2p5e-4: stream 11/64
  matrices equilibrium_dt2p5e-4: stream 12/64
  matrices equilibrium_dt2p5e-4: stream 13/64
  matrices equilibrium_dt2p5e-4: stream 14/64
  matrices equilibrium_dt2p5e-4: stream 15/64
  matrices equilibrium_dt2p5e-4: stream 16/64
  matrices equilibrium_dt2p5e-4: stream 17/64
  matrices equilibrium_dt2p5e-4: stream 18/64
  matrices equilibrium_dt2p5e-4: stream 19/64
  matrices equilibrium_dt2p5e-4: stream 20/64
  matrices equilibrium_dt2p5e-4: stream 21/64
  matrices equilibrium_dt2p5e-4: stream 22/64
  matrices equilibrium_dt2p5e-4: stream 23/64
  matrices equilibrium_dt2p5e-4: stream 24/64
  matrices equilibrium_dt2p5e-4: stream 25/64
  matrices equilibrium_dt2p5e-4: stream 26/64
  matrices equilibrium_dt2p5e-4: stream 27/64
  matrices equilibrium_dt2p5e-4: stream 28/64
  matrices equilibrium_dt2p5e-4: stream 29/64
  matrices equilibrium_dt2p5e-4: stream 30/64
  matrices equilibrium_dt2p5e-4: stream 31/64
  matrices equilibrium_dt2p5e-4: stream 32/64
  matrices equilibrium_dt2p5e-4: stream 33/64
  matrices equilibrium_dt2p5e-4: stream 34/64
  matrices equilibrium_dt2p5e-4: stream 35/64
  matrices equilibrium_dt2p5e-4: stream 36/64
  matrices equilibrium_dt2p5e-4: stream 37/64
  matrices equilibrium_dt2p5e-4: stream 38/64
  matrices equilibrium_dt2p5e-4: stream 39/64
  matrices equilibrium_dt2p5e-4: stream 40/64
  matrices equilibrium_dt2p5e-4: stream 41/64
  matrices equilibrium_dt2p5e-4: stream 42/64
  matrices equilibrium_dt2p5e-4: stream 43/64
  matrices equilibrium_dt2p5e-4: stream 44/64
  matrices equilibrium_dt2p5e-4: stream 45/64
  matrices equilibrium_dt2p5e-4: stream 46/64
  matrices equilibrium_dt2p5e-4: stream 47/64
  matrices equilibrium_dt2p5e-4: stream 48/64
  matrices equilibrium_dt2p5e-4: stream 49/64
  matrices equilibrium_dt2p5e-4: stream 50/64
  matrices equilibrium_dt2p5e-4: stream 51/64
  matrices equilibrium_dt2p5e-4: stream 52/64
  matrices equilibrium_dt2p5e-4: stream 53/64
  matrices equilibrium_dt2p5e-4: stream 54/64
  matrices equilibrium_dt2p5e-4: stream 55/64
  matrices equilibrium_dt2p5e-4: stream 56/64
  matrices equilibrium_dt2p5e-4: stream 57/64
  matrices equilibrium_dt2p5e-4: stream 58/64
  matrices equilibrium_dt2p5e-4: stream 59/64
  matrices equilibrium_dt2p5e-4: stream 60/64
  matrices equilibrium_dt2p5e-4: stream 61/64
  matrices equilibrium_dt2p5e-4: stream 62/64
  matrices equilibrium_dt2p5e-4: stream 63/64
  matrices equilibrium_dt2p5e-4: stream 64/64
  oscillatory bootstrap equilibrium_dt2p5e-4: 25/500
  oscillatory bootstrap equilibrium_dt2p5e-4: 50/500
  oscillatory bootstrap equilibrium_dt2p5e-4: 75/500
  oscillatory bootstrap equilibrium_dt2p5e-4: 100/500
  oscillatory bootstrap equilibrium_dt2p5e-4: 125/500
  oscillatory bootstrap equilibrium_dt2p5e-4: 150/500
  oscillatory bootstrap equilibrium_dt2p5e-4: 175/500
  oscillatory bootstrap equilibrium_dt2p5e-4: 200/500
  oscillatory bootstrap equilibrium_dt2p5e-4: 225/500
  oscillatory bootstrap equilibrium_dt2p5e-4: 250/500
  oscillatory bootstrap equilibrium_dt2p5e-4: 275/500
  oscillatory bootstrap equilibrium_dt2p5e-4: 300/500
  oscillatory bootstrap equilibrium_dt2p5e-4: 325/500
  oscillatory bootstrap equilibrium_dt2p5e-4: 350/500
  oscillatory bootstrap equilibrium_dt2p5e-4: 375/500
  oscillatory bootstrap equilibrium_dt2p5e-4: 400/500
  oscillatory bootstrap equilibrium_dt2p5e-4: 425/500
  oscillatory bootstrap equilibrium_dt2p5e-4: 450/500
  oscillatory bootstrap equilibrium_dt2p5e-4: 475/500
  oscillatory bootstrap equilibrium_dt2p5e-4: 500/500
  real bootstrap equilibrium_dt2p5e-4: 25/500
  real bootstrap equilibrium_dt2p5e-4: 50/500
  real bootstrap equilibrium_dt2p5e-4: 75/500
  real bootstrap equilibrium_dt2p5e-4: 100/500
  real bootstrap equilibrium_dt2p5e-4: 125/500
  real bootstrap equilibrium_dt2p5e-4: 150/500
  real bootstrap equilibrium_dt2p5e-4: 175/500
  real bootstrap equilibrium_dt2p5e-4: 200/500
  real bootstrap equilibrium_dt2p5e-4: 225/500
  real bootstrap equilibrium_dt2p5e-4: 250/500
  real bootstrap equilibrium_dt2p5e-4: 275/500
  real bootstrap equilibrium_dt2p5e-4: 300/500
  real bootstrap equilibrium_dt2p5e-4: 325/500
  real bootstrap equilibrium_dt2p5e-4: 350/500
  real bootstrap equilibrium_dt2p5e-4: 375/500
  real bootstrap equilibrium_dt2p5e-4: 400/500
  real bootstrap equilibrium_dt2p5e-4: 425/500
  real bootstrap equilibrium_dt2p5e-4: 450/500
  real bootstrap equilibrium_dt2p5e-4: 475/500
  real bootstrap equilibrium_dt2p5e-4: 500/500
{
  "status": "complete",
  "elapsed_seconds": 436.5257148742676
}
