{
  "overall_pass": true,
  "checks": [
    {
      "check": "manifest complete",
      "passed": true,
      "detail": "status=complete"
    },
    {
      "check": "summary cell count and grid",
      "passed": true,
      "detail": "rows=336, unique_cells=336, expected=336"
    },
    {
      "check": "raw row count",
      "passed": true,
      "detail": "rows=168000, expected=168000"
    },
    {
      "check": "raw replicate coverage",
      "passed": true,
      "detail": "cells=336, replicates_per_cell=500"
    },
    {
      "check": "summary reconstructed from raw rows",
      "passed": true,
      "detail": "maximum_absolute_reconstruction_difference=0.000e+00"
    },
    {
      "check": "finite summary statistics",
      "passed": true,
      "detail": "rows=336"
    },
    {
      "check": "resolution curve row count",
      "passed": true,
      "detail": "rows=48, expected=48"
    },
    {
      "check": "delta=0.20 extrapolation row count",
      "passed": true,
      "detail": "rows=8, expected=8"
    },
    {
      "check": "frozen Part-2 gate reproduced",
      "passed": true,
      "detail": "delta020_passing_cells=0; part2_allowed=False"
    },
    {
      "check": "analysis source hash",
      "passed": true,
      "detail": "sha256=b2ad9a90fc9ecfd2799c9b778dff3d7194c28faca224da70f20f5db022dce1d4"
    },
    {
      "check": "previous pipeline hash",
      "passed": true,
      "detail": "sha256=ada94924e17f762519a973b28712a3af57ab6f9d1987183a2459c830587d94cb"
    },
    {
      "check": "input NPZ hashes",
      "passed": true,
      "detail": "{\"driven_dt2p5e-4\": \"9a878a637bd7475ab0f05ea0b7991276f4de1fd53f152c274530b7f99a984a47\", \"equilibrium_dt2p5e-4\": \"f7f97e860d75414b3999d656cf585dea9d402fafe7cc1a99a22321e9963c3d45\"}"
    },
    {
      "check": "deterministic task-seed coverage",
      "passed": true,
      "detail": "unique_case_N_separation_seeds=84, expected=84"
    }
  ],
  "counts": {
    "cells": 336,
    "raw_replicates": 168000,
    "observed_resolution_pass_cells": 22,
    "delta020_pass_cells": 0,
    "task_seeds": 84
  },
  "part2_gate": {
    "part2_allowed": false,
    "reason": "delta=0.20 did not pass for both cases at a common tested N<=2048",
    "candidate_rules": []
  },
  "artifact_hashes": [
    {
      "path": "part1_analysis/delta020_extrapolation.csv",
      "sha256": "34206a9c731edcf565095f27658e25802a18be04e704bcc9ae6069497ef89d0d",
      "bytes": 2122
    },
    {
      "path": "part1_analysis/delta020_summary.csv",
      "sha256": "ee83ddb495442593350ce047f8e3f08323b95e47187d5ba7b9d539c45820c6ca",
      "bytes": 22969
    },
    {
      "path": "part1_analysis/observed_resolution_passes.csv",
      "sha256": "a469cdeb689cc206543c02b4e038d9ecdacac0b35efd5b73c0b74d61eb852141",
      "bytes": 10209
    },
    {
      "path": "part1_analysis/resolution_curve.csv",
      "sha256": "7a5302eebda03374bbfcf7f321cfb7fd9839481f2288a539a9c73d2935344cf2",
      "bytes": 2373
    },
    {
      "path": "part1_analysis/run_manifest.json",
      "sha256": "69712f2b9f61cb892b8143db1578a04294728c65e75ee1235aef53e583d8da0c",
      "bytes": 1254
    },
    {
      "path": "part1_analysis/synthetic_scaling_raw.csv",
      "sha256": "85423d495d600ae3976ad30c2a4622e4152bc6aba7a3c5940a249f7b1464ba99",
      "bytes": 57349838
    },
    {
      "path": "part1_analysis/synthetic_scaling_summary.csv",
      "sha256": "c1b5448b665537db393c36c4c9816bc6d637251439cfde0b8603d378e405907b",
      "bytes": 154520
    },
    {
      "path": "part1_analysis/task_seeds.csv",
      "sha256": "89794c9805bc63cab325bc66cf462d18f4cd7aff46935ee1a1aa071e5bcf772a",
      "bytes": 3255
    }
  ]
}
