{
  "alpha": [
    -0.016571686450840253,
    0.008036921428961761,
    -0.002703440425384428
  ],
  "base_model": "/Users/jayleenjiang/Documents/NLS/experiments/short_chain_density_ratio_constrained_2026-09-14/recovery_r4/seed_8203",
  "base_model_sha256": "8fd45218b837b7026b6128d7e2578f06415ce1ca4986b0bf6faf392dc447084f",
  "center": [
    1.4829710519005395,
    -0.001667751610412992,
    0.0017271886746701355
  ],
  "fitted_mean": [
    1.3232485910899663,
    0.23349799916242758,
    -0.23345018751629448
  ],
  "reference_stream_count": 128,
  "residual": [
    -3.523847880160247e-13,
    -2.6922908347160046e-14,
    -6.608602554081244e-14
  ],
  "runtime_seconds": 18.403754949569702,
  "scale": [
    1.4122871535617474,
    2.3532736750896484,
    2.3471049053294846
  ],
  "seed": 47203,
  "target_mean": [
    1.3232485910903187,
    0.2334979991624545,
    -0.2334501875162284
  ],
  "target_stream_count": 128
}
