{
  "alpha": [
    -0.019551062378863608,
    0.004286719924981931,
    -0.0020171962478153214
  ],
  "base_model": "/Users/jayleenjiang/Documents/NLS/experiments/short_chain_density_ratio_constrained_2026-09-14/recovery_r4/seed_8201",
  "base_model_sha256": "7c76f5cbd00b01db27a1d9f831c4b809c4db95deff47079a43a69a9f937ea322",
  "center": [
    1.4829710519005395,
    -0.001667751610412992,
    0.0017271886746701355
  ],
  "fitted_mean": [
    1.3232485910903236,
    0.2334979991624671,
    -0.2334501875162211
  ],
  "reference_stream_count": 128,
  "residual": [
    4.884981308350689e-15,
    1.2601031329495527e-14,
    7.299716386910404e-15
  ],
  "runtime_seconds": 18.126518964767456,
  "scale": [
    1.4122871535617474,
    2.3532736750896484,
    2.3471049053294846
  ],
  "seed": 47201,
  "target_mean": [
    1.3232485910903187,
    0.2334979991624545,
    -0.2334501875162284
  ],
  "target_stream_count": 128
}
